// Jest Snapshot v1, https://goo.gl/fbAQLP

exports[`BoardStateDto getUnrevealedArea on a disposition with a certain mine 1`] = `
AreaDto {
  "area": LocationSetDto {
    "data": Array [
      LocationDto {
        "x": 2,
        "y": 0,
      },
      LocationDto {
        "x": 2,
        "y": 1,
      },
    ],
  },
}
`;
