// Jest Snapshot v1, https://goo.gl/fbAQLP

exports[`BoardStateComputation check how computes board with a mine 1`] = `
BoardStateDto {
  "action": Array [
    Array [
      undefined,
      undefined,
      undefined,
    ],
    Array [
      undefined,
      undefined,
      undefined,
    ],
    Array [
      undefined,
      undefined,
      undefined,
    ],
  ],
  "actionList": Array [],
  "adjFlagsOnBoard": Array [
    Array [
      0,
      0,
      0,
    ],
    Array [
      0,
      0,
      0,
    ],
    Array [
      0,
      0,
      0,
    ],
  ],
  "adjUnrevealed": Array [
    Array [
      0,
      2,
      1,
    ],
    Array [
      0,
      2,
      1,
    ],
    Array [
      0,
      1,
      1,
    ],
  ],
  "board": Array [
    Array [
      0,
      1,
      -1,
    ],
    Array [
      0,
      1,
      -1,
    ],
    Array [
      0,
      1,
      1,
    ],
  ],
  "flagConfirmed": Array [
    Array [
      false,
      false,
      false,
    ],
    Array [
      false,
      false,
      false,
    ],
    Array [
      false,
      false,
      false,
    ],
  ],
  "flagOnBoard": Array [
    Array [
      false,
      false,
      false,
    ],
    Array [
      false,
      false,
      false,
    ],
    Array [
      false,
      false,
      false,
    ],
  ],
  "height": 3,
  "livingWitnesses": LocationSetDto {
    "data": Array [
      LocationDto {
        "x": 1,
        "y": 0,
      },
      LocationDto {
        "x": 1,
        "y": 1,
      },
      LocationDto {
        "x": 1,
        "y": 2,
      },
      LocationDto {
        "x": 2,
        "y": 2,
      },
    ],
  },
  "numOfHidden": 2,
  "revealed": Array [
    Array [
      true,
      true,
      false,
    ],
    Array [
      true,
      true,
      false,
    ],
    Array [
      true,
      true,
      true,
    ],
  ],
  "totalFlags": 0,
  "totalFlagsConfirmed": 0,
  "width": 3,
}
`;
