// Jest Snapshot v1, https://goo.gl/fbAQLP

exports[`Segregated check if segregates 1`] = `
Array [
  Array [
    Coordinate {
      "first": 0,
      "second": 6,
    },
    Coordinate {
      "first": 1,
      "second": 6,
    },
    Coordinate {
      "first": 3,
      "second": 6,
    },
    Coordinate {
      "first": 5,
      "second": 6,
    },
    Coordinate {
      "first": 7,
      "second": 7,
    },
    Coordinate {
      "first": 8,
      "second": 7,
    },
    Coordinate {
      "first": 6,
      "second": 7,
    },
    Coordinate {
      "first": 5,
      "second": 7,
    },
    Coordinate {
      "first": 4,
      "second": 6,
    },
    Coordinate {
      "first": 2,
      "second": 6,
    },
  ],
  Array [
    Coordinate {
      "first": 10,
      "second": 7,
    },
    Coordinate {
      "first": 12,
      "second": 7,
    },
    Coordinate {
      "first": 14,
      "second": 7,
    },
    Coordinate {
      "first": 14,
      "second": 6,
    },
    Coordinate {
      "first": 15,
      "second": 6,
    },
    Coordinate {
      "first": 13,
      "second": 7,
    },
    Coordinate {
      "first": 11,
      "second": 7,
    },
  ],
]
`;
